{
  "vlan_list": [
    {
      "ipv4":{
        "address":"206.81.81.11"
      },
      "ipv6":{
        "address":"2001:504:16::1233"
      }
    },
    {
      "vlan_id":2,
      "ipv4":{
        "address":"206.81.81.12"
      },
      "ipv6":{
        "address":"2001:504:16::1234"
      }
    }
  ]
}
